{
    "serviceResponse": {
        "authenticationFailure": {
            "code": "INVALID_REQUEST",
            "description": "param service and ticket can not be empty"
        }
    }
}
