{
    "serviceResponse": {
        "authenticationFailure": {
            "code": "INTERNAL_ERROR",
            "description": "try to lock ticket failed"
        }
    }
}
