<?xml version="1.0"?>
<cas:serviceResponse xmlns:cas="http://www.yale.edu/tp/cas">
  <cas:authenticationSuccess>
    <cas:user>root@leo108.com</cas:user>
    <cas:proxies>
      <cas:proxy>https://proxy1.com</cas:proxy>
    </cas:proxies>
    <cas:proxyGrantingTicket>pgtiou string</cas:proxyGrantingTicket>
  </cas:authenticationSuccess>
</cas:serviceResponse>
