<?xml version="1.0"?>
<cas:serviceResponse xmlns:cas="http://www.yale.edu/tp/cas">
  <cas:authenticationFailure code="INTERNAL_ERROR">try to lock ticket failed</cas:authenticationFailure>
</cas:serviceResponse>
