<?xml version="1.0"?>
<cas:serviceResponse xmlns:cas="http://www.yale.edu/tp/cas">
  <cas:authenticationFailure code="INVALID_REQUEST">param service and ticket can not be empty</cas:authenticationFailure>
</cas:serviceResponse>
