<?xml version="1.0"?>
<cas:serviceResponse xmlns:cas="http://www.yale.edu/tp/cas">
  <cas:authenticationFailure code="INVALID_TICKET">ticket is not valid</cas:authenticationFailure>
</cas:serviceResponse>
