{
    "serviceResponse": {
        "authenticationFailure": {
            "code": "INVALID_TICKET",
            "description": "ticket is not valid"
        }
    }
}
