{
    "serviceResponse": {
        "authenticationFailure": {
            "code": "INVALID_SERVICE",
            "description": "service is not valid"
        }
    }
}
